\o Program:		@(#)$CDS: libManager version 23.1 - CAT38 02/04/2025 10:05 (cpgbld15) $
\o Sub version:		sub-version  s130 
\o Arguments:		-unmapped -mpssession virtuoso2286634 -mpshost cadenceserver -masterPID 2286634 -ADVM 
\o Working Directory:	cadenceserver:/home/cadence0/Desktop/MolmemVirtuosoSpectreV1.0
\o 64-bit offsets
\o Qt version: 		5.15.9
\o MPS virtuoso types registered: 68
\o changeWorkingDir("/home/cadence0/Desktop/MolmemVirtuosoSpectreV1.0") unnecessary.
\o ddSetForcedLib("") unnecessary.
\o Session hidden cells enabled.
\o Log file is "/home/cadence0/Desktop/MolmemVirtuosoSpectreV1.0/libManager.log".
\o Opening libManager window.
\a nrSetWindowVisibility(cdsLibManager "show")
\o MPS service: map window
\o Library Manager customization server connected.
\a nrSetCurrentWindow(cdsLibManager)
\a nrResizeWindow(cdsLibManager list(411 381 1991 1022))
\a nrSetCurrentWindow(cdsLibManager)
\a cdsLibManager->FileNewLibButton->value = t
\a nrSetWindowVisibility(NewLibShell "show")
\a nrSetCurrentWindow(NewLibShell)
\a nrSetCurrentWindow(NewLibShell->subDialog)
\a nrResizeWindow(NewLibShell list(1143 573 507 559))
\a NewLibShell->newLibNameText->value = "MolmemLib"
\a nrDialogAccept(NewLibShell)
\a NewLibShell->newLibOKButton->value = t
\a nrSetWindowVisibility(workingDialogForm "show")
\a nrSetCurrentWindow(workingDialogForm)
\o Created new library "MolmemLib" at /home/cadence0/Desktop/MolmemVirtuosoSpectreV1.0/MolmemLib.
\a nrSetCurrentWindow(cdsLibManager)
\a nrResizeWindow(workingDialogForm list(1243 749 307 133))
\a nrResizeWindow(NewLibShell list(1143 536 507 559))
\a nrSetCurrentWindow(cdsLibManager)
\a cdsLibManager->libListBox->value = "MolmemLib"
\a cdsLibManager->libLineEdit->value = "MolmemLib"
\a cdsLibManager->cellListBox->value = "MolecularMemristor"
\a cdsLibManager->cellLineEdit->value = "MolecularMemristor"
\a cdsLibManager->FileNewLibButton->value = t
\a NewLibShell->newLibNameText->value = ""
\a NewLibShell->QLineEdit1->value = ""
\a NewLibShell->QLineEdit1->value = "/home/cadence0/Desktop/MolmemVirtuosoSpectreV1.0"
\a nrSetWindowVisibility(NewLibShell->subDialog "show")
\a nrSetCurrentWindow(NewLibShell)
\a nrSetCurrentWindow(NewLibShell->subDialog)
\a nrResizeWindow(NewLibShell list(1143 610 507 559))
\a NewLibShell->newLibNameText->value = "SchematicTestbenches"
\a nrDialogAccept(NewLibShell)
\a NewLibShell->newLibOKButton->value = t
\a nrSetCurrentWindow(workingDialogForm)
\o Created new library "SchematicTestbenches" at /home/cadence0/Desktop/MolmemVirtuosoSpectreV1.0/SchematicTestbenches.
\a nrSetCurrentWindow(cdsLibManager)
\a cdsLibManager->libListBox->value = nil
\a cdsLibManager->libLineEdit->value = ""
\a cdsLibManager->cellListBox->value = nil
\a cdsLibManager->cellLineEdit->value = ""
\a cdsLibManager->libListBox->value = "MolmemLib"
\a cdsLibManager->libLineEdit->value = "MolmemLib"
\a cdsLibManager->cellListBox->value = "MolecularMemristor"
\a cdsLibManager->cellLineEdit->value = "MolecularMemristor"
\a cdsLibManager->cellLineEdit->value = ""
\a cdsLibManager->cellListBox->value = nil
\a cdsLibManager->cellListBox->value = "MolecularMemristor"
\a cdsLibManager->cellLineEdit->value = "MolecularMemristor"
\a nrResizeWindow(workingDialogForm list(1243 786 363 133))
\a cdsLibManager->libListBox->value = nil
\a cdsLibManager->libLineEdit->value = ""
\a cdsLibManager->cellListBox->value = nil
\a cdsLibManager->cellLineEdit->value = ""
\a cdsLibManager->libListBox->value = "MolmemLib"
\a cdsLibManager->libLineEdit->value = "MolmemLib"
\a cdsLibManager->cellListBox->value = "MolecularMemristor"
\a cdsLibManager->cellLineEdit->value = "MolecularMemristor"
\a cdsLibManager->cellLineEdit->value = ""
\a cdsLibManager->cellListBox->value = nil
\a cdsLibManager->cellListBox->value = "MolecularMemristor"
\a cdsLibManager->cellLineEdit->value = "MolecularMemristor"
\a nrResizeWindow(NewLibShell list(1143 573 507 559))
\a cdsLibManager->libListBox->value = "SchematicTestbenches"
\a cdsLibManager->libLineEdit->value = "SchematicTestbenches"
\a cdsLibManager->cellLineEdit->value = ""
\a cdsLibManager->cellListBox->value = nil
\a cdsLibManager->cellListBox->value = "MolmemPotentiation"
\a cdsLibManager->cellLineEdit->value = "MolmemPotentiation"
\a cdsLibManager->libListBox->value = nil
\a cdsLibManager->libLineEdit->value = ""
\a cdsLibManager->cellListBox->value = nil
\a cdsLibManager->cellLineEdit->value = ""
\a cdsLibManager->libListBox->value = "SchematicTestbenches"
\a cdsLibManager->libLineEdit->value = "SchematicTestbenches"
\a cdsLibManager->cellListBox->value = "MolmemPotentiation"
\a cdsLibManager->cellLineEdit->value = "MolmemPotentiation"
\a cdsLibManager->cellLineEdit->value = ""
\a cdsLibManager->cellListBox->value = nil
\a cdsLibManager->cellListBox->value = "MolmemPotentiation"
\a cdsLibManager->cellLineEdit->value = "MolmemPotentiation"
\a nrSetCurrentWindow(cdsLibManager)
\a cdsLibManager->viewListBox->value = "schematic"
\a cdsLibManager->viewLineEdit->value = "schematic"
\o MPS request: edit design
\a nrListItemAction(cdsLibManager->gdmXTView 1 0)
\a cdsLibManager->viewListBox->value = "maestro"
\a cdsLibManager->viewLineEdit->value = "maestro"
\o MPS request: edit design
\a nrListItemAction(cdsLibManager->gdmXTView 0 0)
\a cdsLibManager->libListBox->value = nil
\a cdsLibManager->libLineEdit->value = ""
\a cdsLibManager->cellListBox->value = nil
\a cdsLibManager->viewLineEdit->value = ""
\a cdsLibManager->viewListBox->value = nil
\a cdsLibManager->cellLineEdit->value = ""
\a cdsLibManager->libListBox->value = "SchematicTestbenches"
\a cdsLibManager->libLineEdit->value = "SchematicTestbenches"
\a cdsLibManager->cellListBox->value = "MolmemPotentiation"
\a cdsLibManager->cellLineEdit->value = "MolmemPotentiation"
\a cdsLibManager->viewListBox->value = "maestro"
\a cdsLibManager->viewLineEdit->value = "maestro"
\a cdsLibManager->cellLineEdit->value = ""
\a cdsLibManager->cellListBox->value = nil
\a cdsLibManager->viewLineEdit->value = ""
\a cdsLibManager->viewListBox->value = nil
\a cdsLibManager->cellListBox->value = "MolmemPotentiation"
\a cdsLibManager->cellLineEdit->value = "MolmemPotentiation"
\a cdsLibManager->viewListBox->value = "maestro"
\a cdsLibManager->viewLineEdit->value = "maestro"
\a cdsLibManager->viewLineEdit->value = ""
\a cdsLibManager->viewListBox->value = nil
\a cdsLibManager->viewListBox->value = "maestro"
\a cdsLibManager->viewLineEdit->value = "maestro"
\a cdsLibManager->viewLineEdit->value = ""
\a cdsLibManager->viewListBox->value = nil
\a cdsLibManager->viewListBox->value = "maestro"
\a cdsLibManager->viewLineEdit->value = "maestro"
\a nrSetCurrentWindow(cdsLibManager)
\a nrSetCurrentWindow(cdsLibManager)
\a nrSetCurrentWindow(cdsLibManager)
\a nrSetCurrentWindow(cdsLibManager)
\a nrSetWindowVisibility(cdsLibManager "hide")
\a _lmgrCloseIconify("cdsLibManager" 1)
\o MPS service: shutdown
\o libManager is exiting.
\a exit(0)
